[backblue.gif]
[fade.gif]
[index.html]
[jQM/js/jquery-1.7.2.min.js]
[jQM/js/mobileinit.js]
[jQM/js/ios-orientationchange-fix.min.js]
[jQM/js/application.js]
[jQM/js/jquery.mobile-1.2.0-alpha.1.min.js]
[images/quakerLOGO.png]
[index-2.html]
[maintenance/index.html]
[troubleshooting/index.html]
[site-setup/index.html]
[maintenance/machine-a.html]
[history/index.html]
[troubleshooting/foam/index.html]
[troubleshooting/unacceptable-residue/index.html]
[troubleshooting/corrosion-staining/index.html]
[troubleshooting/change-in-ph/index.html]
[troubleshooting/odors/index.html]
[troubleshooting/dermatitis/index.html]
[troubleshooting/poor-tool-life-part-finish/index.html]
[troubleshooting/high-product-consumption/index.html]
[troubleshooting/others/index.html]
[site-setup/machine-a.html]
[history/12-08-2012.html]
[history/11-08-2012.html]
[history/10-08-2012.html]
[troubleshooting/foam/15/wrong-hardware-design.html]
[troubleshooting/foam/15/defect-or-malfunctioning-pumps.html]
[troubleshooting/foam/15/increased-pressure,-flow,-cascade.html]
[troubleshooting/foam/15/increased-speeds-feeds.html]
[troubleshooting/foam/15/fluid-level.html]
[troubleshooting/foam/15/air-introduced-with-filtration.html]
[troubleshooting/foam/15/soaps-are-filtered-out.html]
[troubleshooting/foam/16/tramp-oil.html]
[troubleshooting/foam/16/tramp-oil-incompatibility.html]
[troubleshooting/foam/16/carry-in-from-previous-process.html]
[troubleshooting/foam/16/cleaner.html]
[troubleshooting/foam/16/coating-coming-in-on-parts.html]
[troubleshooting/foam/16/poor-housekeeping.html]
[troubleshooting/foam/16/binder-of-paper-filter-dissolves-in-the-fluid.html]
[troubleshooting/foam/16/proteins-from-(dead)-bacteria.html]
[troubleshooting/foam/17/high-concentration.html]
[troubleshooting/foam/17/too-low-calcium-content.html]
[troubleshooting/foam/17/improper-mix-preparation.html]
[troubleshooting/foam/17/fresh-fill-startup-issue.html]
[troubleshooting/foam/17/excessive-evaporation.html]
[troubleshooting/unacceptable-residue/18/whole-manufacturing-line-dirty.html]
[troubleshooting/unacceptable-residue/18/certain-areas-dirty.html]
[troubleshooting/unacceptable-residue/19/high-tramp-oil-absorbance.html]
[troubleshooting/unacceptable-residue/19/fungi-alive.html]
[troubleshooting/unacceptable-residue/19/fungi-dead.html]
[troubleshooting/unacceptable-residue/19/bacteria.html]
[troubleshooting/unacceptable-residue/19/incompatibility-tramp-oil.html]
[troubleshooting/unacceptable-residue/19/coating-coming-in-on-parts.html]
[troubleshooting/unacceptable-residue/19/dried-in-emulsion.html]
[troubleshooting/unacceptable-residue/19/coagulated-fines/carbon/abrasive-grains.html]
[troubleshooting/unacceptable-residue/20/change-in-prior-process.html]
[troubleshooting/unacceptable-residue/20/new-fluid-involved.html]
[troubleshooting/unacceptable-residue/20/bad-air-handling.html]
[troubleshooting/unacceptable-residue/20/dry-in,-boric-acid-residue.html]
[troubleshooting/unacceptable-residue/20/low-emulsion-temperature.html]
[troubleshooting/unacceptable-residue/20/fluid-carry-in.html]
[troubleshooting/unacceptable-residue/21/high-hardness.html]
[troubleshooting/unacceptable-residue/21/high-total-dissolved-solids.html]
[troubleshooting/unacceptable-residue/21/magnesium-instability.html]
[troubleshooting/unacceptable-residue/21/calcium-or-other-salts-residues.html]
[troubleshooting/unacceptable-residue/22/high-concentration.html]
[troubleshooting/unacceptable-residue/22/bad-emulsifiability.html]
[troubleshooting/unacceptable-residue/22/concentrate-stability.html]
[troubleshooting/unacceptable-residue/22/excessive-product-used.html]
[troubleshooting/unacceptable-residue/22/excessive-evaporation-(high-temperature).html]
[troubleshooting/unacceptable-residue/22/calcium-soap-formation.html]
[troubleshooting/unacceptable-residue/22/concentration-too-low.html]
[troubleshooting/unacceptable-residue/23/high-tramp-oil.html]
[troubleshooting/unacceptable-residue/23/unstable-emulsion.html]
[troubleshooting/unacceptable-residue/23/deletion-of-emulsifier.html]
[troubleshooting/unacceptable-residue/23/depletion-of-fatty-acid-by-calcium.html]
[troubleshooting/unacceptable-residue/24/fungi-(alive).html]
[troubleshooting/unacceptable-residue/24/fungi-(dead).html]
[troubleshooting/unacceptable-residue/24/broken.html]
[troubleshooting/unacceptable-residue/24/improperly-functioning.html]
[troubleshooting/unacceptable-residue/24/wrong-type.html]
[troubleshooting/unacceptable-residue/24/not-suitable-filter-system.html]
[troubleshooting/unacceptable-residue/24/calcium-soap-formation.html]
[troubleshooting/unacceptable-residue/24/incompatibility-tramp-oil.html]
[troubleshooting/corrosion-staining/25/tramp-oil.html]
[troubleshooting/corrosion-staining/25/high-micro-organism-growth.html]
[troubleshooting/corrosion-staining/25/dirt-recirculation/bimetallic.html]
[troubleshooting/corrosion-staining/25/carry-in-from-previous-process.html]
[troubleshooting/corrosion-staining/25/contamination-by-cleaner.html]
[troubleshooting/corrosion-staining/26/low-concentration.html]
[troubleshooting/corrosion-staining/26/depletion-of-rust-inhibitors.html]
[troubleshooting/corrosion-staining/26/large-water-additions.html]
[troubleshooting/corrosion-staining/26/high-concentration.html]
[troubleshooting/corrosion-staining/26/too-high-active-sulfur.html]
[troubleshooting/corrosion-staining/27/parts-handling-fingerprints.html]
[troubleshooting/corrosion-staining/27/insufficient-coverage-of-fluid.html]
[troubleshooting/corrosion-staining/27/alloy.html]
[troubleshooting/corrosion-staining/27/discoloration-is-not-staining.html]
[troubleshooting/corrosion-staining/28/hardness.html]
[troubleshooting/corrosion-staining/28/chlorides.html]
[troubleshooting/corrosion-staining/28/sulfates.html]
[troubleshooting/corrosion-staining/29/fluctuating-humidity-temperature.html]
[troubleshooting/corrosion-staining/29/high-humidity.html]
[troubleshooting/corrosion-staining/29/poor-location-in-plant.html]
[troubleshooting/corrosion-staining/29/carbonate.html]
[troubleshooting/change-in-ph/30/improper-concentration-determination.html]
[troubleshooting/change-in-ph/30/improperly-functioning-pre-mix.html]
[troubleshooting/change-in-ph/30/large-water-additions.html]
[troubleshooting/change-in-ph/31/biological-growth.html]
[troubleshooting/change-in-ph/31/acid-cleaner.html]
[troubleshooting/change-in-ph/32/improper-concentration-determination.html]
[troubleshooting/change-in-ph/32/improperly-functioning-pre-mix.html]
[troubleshooting/change-in-ph/32/improper-mix-preparation.html]
[troubleshooting/change-in-ph/33/carry-over.html]
[troubleshooting/change-in-ph/33/alkaline-cleaner.html]
[troubleshooting/odors/34/food.html]
[troubleshooting/odors/34/shop-towels.html]
[troubleshooting/odors/34/cigarettes.html]
[troubleshooting/odors/34/chewing-tobacco.html]
[troubleshooting/odors/34/human-excrement.html]
[troubleshooting/odors/35/bacteria-(ammonia).html]
[troubleshooting/odors/35/anaerobic-bacteria.html]
[troubleshooting/odors/35/fungi.html]
[troubleshooting/odors/36/insufficient-air-ventilation.html]
[troubleshooting/odors/36/misting.html]
[troubleshooting/odors/36/overflow-from-nearby-systems.html]
[troubleshooting/odors/36/tramp-oil.html]
[troubleshooting/odors/36/coating-coming-in-from-parts.html]
[troubleshooting/odors/37/in-emulsion.html]
[troubleshooting/odors/37/concentrate.html]
[troubleshooting/dermatitis/38/wrong-to-insufficient-protection.html]
[troubleshooting/dermatitis/38/solvent-washing.html]
[troubleshooting/dermatitis/38/soiled-rags-or-clothing.html]
[troubleshooting/dermatitis/39/other-cause-than-the-mw-fluid.html]
[troubleshooting/dermatitis/39/change-in-season.html]
[troubleshooting/dermatitis/39/sensitive-employee.html]
[troubleshooting/dermatitis/40/high-alkalinity.html]
[troubleshooting/dermatitis/40/product.html]
[troubleshooting/dermatitis/41/high-concentration.html]
[troubleshooting/dermatitis/41/contamination-by-cleaner.html]
[troubleshooting/dermatitis/42/bacteria.html]
[troubleshooting/dermatitis/42/tramp-oil.html]
[troubleshooting/dermatitis/42/particles-in-emulsion.html]
[troubleshooting/dermatitis/42/dissolved-heavy-metals.html]
[troubleshooting/dermatitis/43/too-much.html]
[troubleshooting/dermatitis/43/too-often.html]
[troubleshooting/poor-tool-life-part-finish/44/poor-fluid-flow.html]
[troubleshooting/poor-tool-life-part-finish/44/improper-fluid-nozzle-direction.html]
[troubleshooting/poor-tool-life-part-finish/44/entrained-air-(foam).html]
[troubleshooting/poor-tool-life-part-finish/44/fluid-temperature-too-high.html]
[troubleshooting/poor-tool-life-part-finish/44/concentration-too-high.html]
[troubleshooting/poor-tool-life-part-finish/44/excessive-tramp-oil.html]
[troubleshooting/poor-tool-life-part-finish/tooling/new-supplier.html]
[troubleshooting/poor-tool-life-part-finish/tooling/unsharp-or-wrongly-selected-tools.html]
[troubleshooting/poor-tool-life-part-finish/tooling/poor-alignment.html]
[troubleshooting/poor-tool-life-part-finish/tooling/wrong-cutting-parameters.html]
[troubleshooting/poor-tool-life-part-finish/tooling/build-up-on-tooling.html]
[troubleshooting/poor-tool-life-part-finish/tooling/wheel-loading.html]
[troubleshooting/poor-tool-life-part-finish/46/change-in-alloy-(hardness,-porosity).html]
[troubleshooting/poor-tool-life-part-finish/46/design-change.html]
[troubleshooting/poor-tool-life-part-finish/47/low-concentration.html]
[troubleshooting/poor-tool-life-part-finish/47/depletion-of-lubricant.html]
[troubleshooting/poor-tool-life-part-finish/47/entrained-air-(foam).html]
[troubleshooting/poor-tool-life-part-finish/47/excessive-tramp-oil.html]
[troubleshooting/poor-tool-life-part-finish/48/excessive-tramp-oil.html]
[troubleshooting/poor-tool-life-part-finish/48/depletion-of-detergent-additives.html]
[troubleshooting/poor-tool-life-part-finish/48/build-up-on-tooling.html]
[troubleshooting/poor-tool-life-part-finish/48/wheel-loading.html]
[troubleshooting/high-product-consumption/system/uncontrolled-overflow-skimming.html]
[troubleshooting/high-product-consumption/system/incorrectly-functioning-centrifuge.html]
[troubleshooting/high-product-consumption/system/incorrectly-functioning-filter.html]
[troubleshooting/high-product-consumption/system/leaks.html]
[troubleshooting/high-product-consumption/system/increase-in-productivity.html]
[troubleshooting/high-product-consumption/50/misdirected-nozzles.html]
[troubleshooting/high-product-consumption/50/poor-tooling.html]
[troubleshooting/high-product-consumption/50/harder-part-alloy.html]
[troubleshooting/high-product-consumption/50/change-in-part-geometry.html]
[troubleshooting/high-product-consumption/50/leak-in-system.html]
[troubleshooting/high-product-consumption/51/too-high.html]
[troubleshooting/high-product-consumption/51/pre-mix-improperly-set.html]
[troubleshooting/high-product-consumption/51/auto-feed-out-of-control.html]
[troubleshooting/high-product-consumption/51/foam.html]
[troubleshooting/high-product-consumption/51/high-tramp-oil-absorbance.html]
[troubleshooting/high-product-consumption/51/incompatibility-tramp-oil.html]
[troubleshooting/high-product-consumption/poor-water-quality/high-magnesium-content.html]
[troubleshooting/high-product-consumption/poor-water-quality/depletion-of-fatty-acid-by-calcium.html]
[troubleshooting/high-product-consumption/53/misapplication.html]
[troubleshooting/high-product-consumption/53/missing-inventory,-borrowed-product.html]
[troubleshooting/high-product-consumption/53/undocumented-or-uncontrolled-spills.html]
[troubleshooting/high-product-consumption/53/unrealistic-expectations.html]
[troubleshooting/others/54/concentration-too-low.html]
[troubleshooting/others/54/soaps-are-filtered-out.html]
[troubleshooting/others/54/chip-too-thin/operation.html]
[troubleshooting/others/54/instability.html]
[troubleshooting/others/54/very-dense-foam.html]
[troubleshooting/others/54/product.html]
[troubleshooting/others/55/contamination.html]
[troubleshooting/others/55/wrong-seal-or-paint-choice.html]
[troubleshooting/others/55/mechanical-wear-on-or-paint.html]
[troubleshooting/others/55/product.html]
[jQM/themes/images/icons-18-white.png]
[jQM/themes/images/icons-18-black.png]
[jQM/themes/images/icons-36-white.png]
[jQM/themes/images/icons-36-black.png]
[jQM/themes/images/ajax-loader.gif]
[jQM/themes/quaker.css]
[jQM/css/images/icons-18-white.png]
[jQM/css/images/icons-18-black.png]
[jQM/css/images/icons-36-white.png]
[jQM/css/images/icons-36-black.png]
[jQM/css/images/ajax-loader.gif]
[jQM/css/jquery.mobile-1.2.0-alpha.1.min.css]
[jQM/css/custom.css]
[maintenance/index.html]
